[33m/home/cc/clio-core/context-runtime/src/ipc_manager.cc:928 WARNING 2128392 ServerInitShm Main segment: requested 269817868288 bytes exceeds half the memory budget (269817868288 bytes); clamping to 134908934144 bytes[0m
[33m/home/cc/clio-core/context-runtime/src/ipc_manager.cc:1027 WARNING 2128392 ServerInitShm Metadata segment: requested 269817868288 bytes exceeds half the memory budget (269817868288 bytes); clamping to 134908934144 bytes[0m
[33m/home/cc/clio-core/context-runtime/src/../modules/admin/include/clio_runtime/admin/admin_client.h:59 WARNING 2128392 Client AdminClient: Default constructor called - pool_id_ will be PoolId(0,0)[0m
[33m/home/cc/clio-core/context-runtime/src/../modules/admin/include/clio_runtime/admin/admin_client.h:59 WARNING 2128392 Client AdminClient: Default constructor called - pool_id_ will be PoolId(0,0)[0m
[33m/home/cc/clio-core/context-runtime/src/../modules/admin/include/clio_runtime/admin/admin_client.h:59 WARNING 2128392 Client AdminClient: Default constructor called - pool_id_ will be PoolId(0,0)[0m
[33m/home/cc/clio-core/context-runtime/src/work_orchestrator.cc:545 WARNING 2128470 SpawnAdditionalWorker [#785] spawned elastic worker 4 (pool now 5 workers)[0m
[33m/home/cc/clio-core/context-runtime/src/work_orchestrator.cc:545 WARNING 2128470 SpawnAdditionalWorker [#785] spawned elastic worker 5 (pool now 6 workers)[0m
[31m/home/cc/clio-core/context-runtime/src/scheduler/default_sched.cc:949 ERROR 2128470 LoadBalance [HANGWATCH-HB] processed=184 outstanding=66 (queued=66 blocked=0 retry=0 periodic=17) live=2 live_stalled=0[0m
[33m/home/cc/clio-core/context-runtime/src/scheduler/default_sched.cc:630 WARNING 2128470 LoadBalance [#781 PDF] observed exec-time bins (cumulative): <10us=2788 <50us=38652 <500us=1059 <10ms=110 <50ms=98 <500ms=3 <1s=0 >=1s=0 | stalls_detected=0[0m
[33m/home/cc/clio-core/context-runtime/src/scheduler/default_sched.cc:639 WARNING 2128470 LoadBalance [#785] lane rescues performed: 0[0m
[33m/home/cc/clio-core/context-runtime/src/scheduler/default_sched.cc:648 WARNING 2128470 LoadBalance [sched] cost classes: quick 2 workers (7 routed, +1/-0) | medium 3 workers (141 routed, +2/-0) | heavy 3 workers (348 routed, +2/-0)[0m
[33m/home/cc/clio-core/context-runtime/src/work_orchestrator.cc:545 WARNING 2128470 SpawnAdditionalWorker [#785] spawned elastic worker 6 (pool now 7 workers)[0m
[31m/home/cc/clio-core/context-runtime/src/scheduler/default_sched.cc:949 ERROR 2128470 LoadBalance [HANGWATCH-HB] processed=617 outstanding=65 (queued=65 blocked=0 retry=0 periodic=6) live=2 live_stalled=0[0m
[33m/home/cc/clio-core/context-runtime/src/scheduler/default_sched.cc:630 WARNING 2128470 LoadBalance [#781 PDF] observed exec-time bins (cumulative): <10us=2832 <50us=83847 <500us=2115 <10ms=228 <50ms=152 <500ms=46 <1s=0 >=1s=0 | stalls_detected=0[0m
[33m/home/cc/clio-core/context-runtime/src/scheduler/default_sched.cc:639 WARNING 2128470 LoadBalance [#785] lane rescues performed: 0[0m
[33m/home/cc/clio-core/context-runtime/src/scheduler/default_sched.cc:648 WARNING 2128470 LoadBalance [sched] cost classes: quick 2 workers (13 routed, +1/-0) | medium 6 workers (244 routed, +5/-0) | heavy 6 workers (731 routed, +5/-0)[0m
[33m/home/cc/clio-core/context-runtime/src/work_orchestrator.cc:545 WARNING 2128470 SpawnAdditionalWorker [#785] spawned elastic worker 7 (pool now 8 workers)[0m
[31m/home/cc/clio-core/context-runtime/src/scheduler/default_sched.cc:949 ERROR 2128470 LoadBalance [HANGWATCH-HB] processed=1013 outstanding=90 (queued=90 blocked=0 retry=0 periodic=6) live=3 live_stalled=0[0m
[33m/home/cc/clio-core/context-runtime/src/scheduler/default_sched.cc:630 WARNING 2128470 LoadBalance [#781 PDF] observed exec-time bins (cumulative): <10us=2853 <50us=128119 <500us=3268 <10ms=381 <50ms=180 <500ms=114 <1s=0 >=1s=0 | stalls_detected=0[0m
[33m/home/cc/clio-core/context-runtime/src/scheduler/default_sched.cc:639 WARNING 2128470 LoadBalance [#785] lane rescues performed: 0[0m
[33m/home/cc/clio-core/context-runtime/src/scheduler/default_sched.cc:648 WARNING 2128470 LoadBalance [sched] cost classes: quick 5 workers (89 routed, +4/-0) | medium 11 workers (350 routed, +10/-0) | heavy 10 workers (1043 routed, +9/-0)[0m
[31m/home/cc/clio-core/context-runtime/src/scheduler/default_sched.cc:949 ERROR 2128470 LoadBalance [HANGWATCH-HB] processed=1456 outstanding=9 (queued=9 blocked=0 retry=0 periodic=9) live=4 live_stalled=0[0m
[33m/home/cc/clio-core/context-runtime/src/work_orchestrator.cc:545 WARNING 2128470 SpawnAdditionalWorker [#785] spawned elastic worker 8 (pool now 9 workers)[0m
[31m/home/cc/clio-core/context-runtime/src/scheduler/default_sched.cc:949 ERROR 2128470 LoadBalance [HANGWATCH-HB] processed=1707 outstanding=38 (queued=38 blocked=0 retry=0 periodic=7) live=1 live_stalled=0[0m
[33m/home/cc/clio-core/context-runtime/src/scheduler/default_sched.cc:630 WARNING 2128470 LoadBalance [#781 PDF] observed exec-time bins (cumulative): <10us=2874 <50us=172034 <500us=4561 <10ms=529 <50ms=210 <500ms=182 <1s=0 >=1s=0 | stalls_detected=0[0m
[33m/home/cc/clio-core/context-runtime/src/scheduler/default_sched.cc:639 WARNING 2128470 LoadBalance [#785] lane rescues performed: 0[0m
[33m/home/cc/clio-core/context-runtime/src/scheduler/default_sched.cc:648 WARNING 2128470 LoadBalance [sched] cost classes: quick 6 workers (151 routed, +5/-0) | medium 13 workers (463 routed, +12/-0) | heavy 13 workers (1364 routed, +12/-0)[0m
[33m/home/cc/clio-core/context-runtime/src/scheduler/default_sched.cc:630 WARNING 2128470 LoadBalance [#781 PDF] observed exec-time bins (cumulative): <10us=2890 <50us=215646 <500us=5873 <10ms=642 <50ms=218 <500ms=208 <1s=0 >=1s=0 | stalls_detected=0[0m
[33m/home/cc/clio-core/context-runtime/src/scheduler/default_sched.cc:639 WARNING 2128470 LoadBalance [#785] lane rescues performed: 0[0m
[33m/home/cc/clio-core/context-runtime/src/scheduler/default_sched.cc:648 WARNING 2128470 LoadBalance [sched] cost classes: quick 7 workers (203 routed, +6/-0) | medium 14 workers (542 routed, +13/-0) | heavy 15 workers (1630 routed, +14/-0)[0m
[31m/home/cc/clio-core/context-runtime/src/scheduler/default_sched.cc:949 ERROR 2128470 LoadBalance [HANGWATCH-HB] processed=2166 outstanding=58 (queued=58 blocked=0 retry=0 periodic=8) live=3 live_stalled=0[0m
[33m/home/cc/clio-core/context-runtime/src/scheduler/default_sched.cc:630 WARNING 2128470 LoadBalance [#781 PDF] observed exec-time bins (cumulative): <10us=2907 <50us=259395 <500us=7188 <10ms=762 <50ms=243 <500ms=262 <1s=0 >=1s=0 | stalls_detected=0[0m
[33m/home/cc/clio-core/context-runtime/src/scheduler/default_sched.cc:639 WARNING 2128470 LoadBalance [#785] lane rescues performed: 0[0m
[33m/home/cc/clio-core/context-runtime/src/scheduler/default_sched.cc:648 WARNING 2128470 LoadBalance [sched] cost classes: quick 9 workers (260 routed, +8/-0) | medium 16 workers (622 routed, +15/-0) | heavy 17 workers (1898 routed, +16/-0)[0m
[31m/home/cc/clio-core/context-runtime/src/scheduler/default_sched.cc:949 ERROR 2128470 LoadBalance [HANGWATCH-HB] processed=2639 outstanding=56 (queued=56 blocked=0 retry=0 periodic=9) live=2 live_stalled=0[0m
[33m/home/cc/clio-core/context-runtime/src/scheduler/default_sched.cc:630 WARNING 2128470 LoadBalance [#781 PDF] observed exec-time bins (cumulative): <10us=2922 <50us=303355 <500us=8528 <10ms=899 <50ms=282 <500ms=311 <1s=0 >=1s=0 | stalls_detected=0[0m
[33m/home/cc/clio-core/context-runtime/src/scheduler/default_sched.cc:639 WARNING 2128470 LoadBalance [#785] lane rescues performed: 0[0m
[33m/home/cc/clio-core/context-runtime/src/scheduler/default_sched.cc:648 WARNING 2128470 LoadBalance [sched] cost classes: quick 9 workers (298 routed, +8/-0) | medium 17 workers (697 routed, +16/-0) | heavy 20 workers (2195 routed, +19/-0)[0m
[31m/home/cc/clio-core/context-runtime/src/scheduler/default_sched.cc:949 ERROR 2128470 LoadBalance [HANGWATCH-HB] processed=3047 outstanding=50 (queued=50 blocked=0 retry=0 periodic=9) live=3 live_stalled=0[0m
[33m/home/cc/clio-core/context-runtime/src/scheduler/default_sched.cc:630 WARNING 2128470 LoadBalance [#781 PDF] observed exec-time bins (cumulative): <10us=2944 <50us=343980 <500us=11301 <10ms=1002 <50ms=311 <500ms=376 <1s=1 >=1s=0 | stalls_detected=0[0m
[33m/home/cc/clio-core/context-runtime/src/scheduler/default_sched.cc:639 WARNING 2128470 LoadBalance [#785] lane rescues performed: 0[0m
[33m/home/cc/clio-core/context-runtime/src/scheduler/default_sched.cc:648 WARNING 2128470 LoadBalance [sched] cost classes: quick 11 workers (338 routed, +10/-0) | medium 20 workers (783 routed, +19/-0) | heavy 25 workers (2372 routed, +24/-0)[0m
[33m/home/cc/clio-core/context-runtime/src/work_orchestrator.cc:545 WARNING 2128470 SpawnAdditionalWorker [#785] spawned elastic worker 9 (pool now 10 workers)[0m
[31m/home/cc/clio-core/context-runtime/src/scheduler/default_sched.cc:949 ERROR 2128470 LoadBalance [HANGWATCH-HB] processed=3440 outstanding=80 (queued=80 blocked=0 retry=0 periodic=8) live=4 live_stalled=0[0m
[33m/home/cc/clio-core/context-runtime/src/scheduler/default_sched.cc:630 WARNING 2128470 LoadBalance [#781 PDF] observed exec-time bins (cumulative): <10us=2962 <50us=380089 <500us=16295 <10ms=1141 <50ms=349 <500ms=443 <1s=1 >=1s=0 | stalls_detected=0[0m
[33m/home/cc/clio-core/context-runtime/src/scheduler/default_sched.cc:639 WARNING 2128470 LoadBalance [#785] lane rescues performed: 0[0m
[33m/home/cc/clio-core/context-runtime/src/scheduler/default_sched.cc:648 WARNING 2128470 LoadBalance [sched] cost classes: quick 13 workers (390 routed, +12/-0) | medium 24 workers (886 routed, +23/-0) | heavy 28 workers (2694 routed, +27/-0)[0m
[31m/home/cc/clio-core/context-runtime/src/scheduler/default_sched.cc:949 ERROR 2128470 LoadBalance [HANGWATCH-HB] processed=3863 outstanding=11 (queued=11 blocked=0 retry=0 periodic=8) live=4 live_stalled=0[0m
[33m/home/cc/clio-core/context-runtime/src/work_orchestrator.cc:545 WARNING 2128470 SpawnAdditionalWorker [#785] spawned elastic worker 10 (pool now 11 workers)[0m
[31m/home/cc/clio-core/context-runtime/src/scheduler/default_sched.cc:949 ERROR 2128470 LoadBalance [HANGWATCH-HB] processed=4098 outstanding=57 (queued=57 blocked=0 retry=0 periodic=7) live=1 live_stalled=0[0m
[33m/home/cc/clio-core/context-runtime/src/scheduler/default_sched.cc:630 WARNING 2128470 LoadBalance [#781 PDF] observed exec-time bins (cumulative): <10us=4502 <50us=416286 <500us=21743 <10ms=1299 <50ms=389 <500ms=511 <1s=1 >=1s=0 | stalls_detected=0[0m
[33m/home/cc/clio-core/context-runtime/src/scheduler/default_sched.cc:639 WARNING 2128470 LoadBalance [#785] lane rescues performed: 0[0m
[33m/home/cc/clio-core/context-runtime/src/scheduler/default_sched.cc:648 WARNING 2128470 LoadBalance [sched] cost classes: quick 14 workers (444 routed, +13/-0) | medium 25 workers (992 routed, +24/-0) | heavy 30 workers (3024 routed, +29/-0)[0m
[33m/home/cc/clio-core/context-runtime/src/work_orchestrator.cc:545 WARNING 2128470 SpawnAdditionalWorker [#785] spawned elastic worker 11 (pool now 12 workers)[0m
[31m/home/cc/clio-core/context-runtime/src/scheduler/default_sched.cc:949 ERROR 2128470 LoadBalance [HANGWATCH-HB] processed=4485 outstanding=73 (queued=73 blocked=0 retry=0 periodic=5) live=3 live_stalled=0[0m
[33m/home/cc/clio-core/context-runtime/src/scheduler/default_sched.cc:630 WARNING 2128470 LoadBalance [#781 PDF] observed exec-time bins (cumulative): <10us=16177 <50us=445115 <500us=27456 <10ms=1456 <50ms=429 <500ms=579 <1s=3 >=1s=0 | stalls_detected=0[0m
[33m/home/cc/clio-core/context-runtime/src/scheduler/default_sched.cc:639 WARNING 2128470 LoadBalance [#785] lane rescues performed: 0[0m
[33m/home/cc/clio-core/context-runtime/src/scheduler/default_sched.cc:648 WARNING 2128470 LoadBalance [sched] cost classes: quick 15 workers (496 routed, +14/-0) | medium 29 workers (1095 routed, +28/-0) | heavy 33 workers (3362 routed, +32/-0)[0m
[33m/home/cc/clio-core/context-transfer-engine/compressor/src/compressor_runtime.cc:3352 WARNING 2128528 Compress Compression not beneficial for blob 'rho_E/step_00439/fab0000/chunk_7': 4194304 bytes in -> 4195952 bytes out with lib 21 (nvcomp-cascaded), which is not smaller, so the ORIGINAL bytes were stored and compress_lib_ was reset to 0. The blob is in the tier UNCOMPRESSED.[0m
[33m/home/cc/clio-core/context-transfer-engine/compressor/src/compressor_runtime.cc:3352 WARNING 2128528 Compress Compression not beneficial for blob 'rho_E/step_00439/fab0000/chunk_8': 4194304 bytes in -> 4195952 bytes out with lib 21 (nvcomp-cascaded), which is not smaller, so the ORIGINAL bytes were stored and compress_lib_ was reset to 0. The blob is in the tier UNCOMPRESSED.[0m
[31m/home/cc/clio-core/context-runtime/src/scheduler/default_sched.cc:949 ERROR 2128470 LoadBalance [HANGWATCH-HB] processed=4911 outstanding=80 (queued=80 blocked=0 retry=0 periodic=12) live=2 live_stalled=0[0m
[33m/home/cc/clio-core/context-transfer-engine/compressor/src/compressor_runtime.cc:3352 WARNING 2128498 Compress Compression not beneficial for blob 'rho_E/step_00439/fab0000/chunk_5': 4194304 bytes in -> 4195952 bytes out with lib 21 (nvcomp-cascaded), which is not smaller, so the ORIGINAL bytes were stored and compress_lib_ was reset to 0. The blob is in the tier UNCOMPRESSED.[0m
[33m/home/cc/clio-core/context-runtime/src/scheduler/default_sched.cc:630 WARNING 2128470 LoadBalance [#781 PDF] observed exec-time bins (cumulative): <10us=33849 <50us=469599 <500us=32834 <10ms=1565 <50ms=449 <500ms=610 <1s=3 >=1s=0 | stalls_detected=0[0m
[33m/home/cc/clio-core/context-runtime/src/scheduler/default_sched.cc:639 WARNING 2128470 LoadBalance [#785] lane rescues performed: 0[0m
[33m/home/cc/clio-core/context-runtime/src/scheduler/default_sched.cc:648 WARNING 2128470 LoadBalance [sched] cost classes: quick 15 workers (532 routed, +14/-0) | medium 32 workers (1178 routed, +31/-0) | heavy 35 workers (3671 routed, +34/-0)[0m
[31m/home/cc/clio-core/context-runtime/src/scheduler/default_sched.cc:949 ERROR 2128470 LoadBalance [HANGWATCH-HB] processed=5328 outstanding=66 (queued=66 blocked=0 retry=0 periodic=9) live=6 live_stalled=0[0m
[33m/home/cc/clio-core/context-runtime/src/scheduler/default_sched.cc:630 WARNING 2128470 LoadBalance [#781 PDF] observed exec-time bins (cumulative): <10us=47232 <50us=502117 <500us=36115 <10ms=1699 <50ms=482 <500ms=670 <1s=3 >=1s=0 | stalls_detected=0[0m
[33m/home/cc/clio-core/context-runtime/src/scheduler/default_sched.cc:639 WARNING 2128470 LoadBalance [#785] lane rescues performed: 0[0m
[33m/home/cc/clio-core/context-runtime/src/scheduler/default_sched.cc:648 WARNING 2128470 LoadBalance [sched] cost classes: quick 16 workers (560 routed, +15/-0) | medium 35 workers (1253 routed, +34/-0) | heavy 37 workers (3948 routed, +36/-0)[0m
[31m/home/cc/clio-core/context-runtime/src/scheduler/default_sched.cc:949 ERROR 2128470 LoadBalance [HANGWATCH-HB] processed=5725 outstanding=9 (queued=9 blocked=0 retry=0 periodic=8) live=2 live_stalled=0[0m
[33m/home/cc/clio-core/context-runtime/src/scheduler/default_sched.cc:630 WARNING 2128470 LoadBalance [#781 PDF] observed exec-time bins (cumulative): <10us=47813 <50us=546084 <500us=37545 <10ms=1827 <50ms=517 <500ms=723 <1s=3 >=1s=0 | stalls_detected=0[0m
[33m/home/cc/clio-core/context-runtime/src/scheduler/default_sched.cc:639 WARNING 2128470 LoadBalance [#785] lane rescues performed: 0[0m
[33m/home/cc/clio-core/context-runtime/src/scheduler/default_sched.cc:648 WARNING 2128470 LoadBalance [sched] cost classes: quick 18 workers (587 routed, +17/-0) | medium 37 workers (1330 routed, +36/-0) | heavy 39 workers (4224 routed, +38/-0)[0m
[31m/home/cc/clio-core/context-runtime/src/scheduler/default_sched.cc:949 ERROR 2128470 LoadBalance [HANGWATCH-HB] processed=5881 outstanding=83 (queued=83 blocked=0 retry=0 periodic=6) live=3 live_stalled=0[0m
[33m/home/cc/clio-core/context-runtime/src/scheduler/default_sched.cc:630 WARNING 2128470 LoadBalance [#781 PDF] observed exec-time bins (cumulative): <10us=47874 <50us=589249 <500us=39046 <10ms=1959 <50ms=547 <500ms=803 <1s=3 >=1s=0 | stalls_detected=0[0m
[33m/home/cc/clio-core/context-runtime/src/scheduler/default_sched.cc:639 WARNING 2128470 LoadBalance [#785] lane rescues performed: 0[0m
[33m/home/cc/clio-core/context-runtime/src/scheduler/default_sched.cc:648 WARNING 2128470 LoadBalance [sched] cost classes: quick 19 workers (623 routed, +18/-0) | medium 41 workers (1421 routed, +40/-0) | heavy 43 workers (4405 routed, +42/-0)[0m
[31m/home/cc/clio-core/context-runtime/src/scheduler/default_sched.cc:949 ERROR 2128470 LoadBalance [HANGWATCH-HB] processed=6298 outstanding=71 (queued=71 blocked=0 retry=0 periodic=11) live=5 live_stalled=0[0m
[31m/home/cc/clio-core/context-runtime/src/scheduler/default_sched.cc:949 ERROR 2128470 LoadBalance [HANGWATCH-HB] processed=6711 outstanding=6 (queued=6 blocked=0 retry=0 periodic=8) live=2 live_stalled=0[0m
[33m/home/cc/clio-core/context-runtime/src/scheduler/default_sched.cc:630 WARNING 2128470 LoadBalance [#781 PDF] observed exec-time bins (cumulative): <10us=48751 <50us=633579 <500us=40648 <10ms=2126 <50ms=598 <500ms=868 <1s=5 >=1s=0 | stalls_detected=0[0m
[33m/home/cc/clio-core/context-runtime/src/scheduler/default_sched.cc:639 WARNING 2128470 LoadBalance [#785] lane rescues performed: 0[0m
[33m/home/cc/clio-core/context-runtime/src/scheduler/default_sched.cc:648 WARNING 2128470 LoadBalance [sched] cost classes: quick 20 workers (662 routed, +19/-0) | medium 45 workers (1504 routed, +44/-0) | heavy 47 workers (4775 routed, +46/-0)[0m
[31m/home/cc/clio-core/context-runtime/src/scheduler/default_sched.cc:949 ERROR 2128470 LoadBalance [HANGWATCH-HB] processed=6942 outstanding=59 (queued=59 blocked=0 retry=0 periodic=8) live=3 live_stalled=0[0m
[33m/home/cc/clio-core/context-runtime/src/scheduler/default_sched.cc:630 WARNING 2128470 LoadBalance [#781 PDF] observed exec-time bins (cumulative): <10us=49688 <50us=676659 <500us=41971 <10ms=2290 <50ms=646 <500ms=936 <1s=5 >=1s=0 | stalls_detected=0[0m
[33m/home/cc/clio-core/context-runtime/src/scheduler/default_sched.cc:639 WARNING 2128470 LoadBalance [#785] lane rescues performed: 0[0m
[33m/home/cc/clio-core/context-runtime/src/scheduler/default_sched.cc:648 WARNING 2128470 LoadBalance [sched] cost classes: quick 21 workers (724 routed, +21/-1) | medium 47 workers (1606 routed, +48/-2) | heavy 48 workers (5105 routed, +49/-2)[0m
[31m/home/cc/clio-core/context-runtime/src/scheduler/default_sched.cc:949 ERROR 2128470 LoadBalance [HANGWATCH-HB] processed=7290 outstanding=73 (queued=73 blocked=0 retry=0 periodic=9) live=5 live_stalled=0[0m
[33m/home/cc/clio-core/context-runtime/src/scheduler/default_sched.cc:630 WARNING 2128470 LoadBalance [#781 PDF] observed exec-time bins (cumulative): <10us=49772 <50us=719417 <500us=43599 <10ms=2471 <50ms=677 <500ms=1017 <1s=7 >=1s=0 | stalls_detected=0[0m
[33m/home/cc/clio-core/context-runtime/src/scheduler/default_sched.cc:639 WARNING 2128470 LoadBalance [#785] lane rescues performed: 0[0m
[33m/home/cc/clio-core/context-runtime/src/scheduler/default_sched.cc:648 WARNING 2128470 LoadBalance [sched] cost classes: quick 23 workers (772 routed, +23/-1) | medium 49 workers (1696 routed, +50/-2) | heavy 51 workers (5460 routed, +52/-2)[0m
[31m/home/cc/clio-core/context-runtime/src/scheduler/default_sched.cc:949 ERROR 2128470 LoadBalance [HANGWATCH-HB] processed=7735 outstanding=35 (queued=35 blocked=0 retry=0 periodic=9) live=7 live_stalled=0[0m
[33m/home/cc/clio-core/context-runtime/src/scheduler/default_sched.cc:630 WARNING 2128470 LoadBalance [#781 PDF] observed exec-time bins (cumulative): <10us=49808 <50us=763263 <500us=44893 <10ms=2551 <50ms=696 <500ms=1032 <1s=7 >=1s=0 | stalls_detected=0[0m
[33m/home/cc/clio-core/context-runtime/src/scheduler/default_sched.cc:639 WARNING 2128470 LoadBalance [#785] lane rescues performed: 0[0m
[33m/home/cc/clio-core/context-runtime/src/scheduler/default_sched.cc:648 WARNING 2128470 LoadBalance [sched] cost classes: quick 23 workers (773 routed, +23/-1) | medium 52 workers (1751 routed, +53/-2) | heavy 53 workers (5739 routed, +54/-2)[0m
[31m/home/cc/clio-core/context-runtime/src/scheduler/default_sched.cc:949 ERROR 2128470 LoadBalance [HANGWATCH-HB] processed=7953 outstanding=54 (queued=54 blocked=0 retry=0 periodic=8) live=1 live_stalled=0[0m
[33m/home/cc/clio-core/context-runtime/src/scheduler/default_sched.cc:630 WARNING 2128470 LoadBalance [#781 PDF] observed exec-time bins (cumulative): <10us=50228 <50us=806668 <500us=46512 <10ms=2667 <50ms=729 <500ms=1096 <1s=9 >=1s=0 | stalls_detected=0[0m
[33m/home/cc/clio-core/context-runtime/src/scheduler/default_sched.cc:639 WARNING 2128470 LoadBalance [#785] lane rescues performed: 0[0m
[33m/home/cc/clio-core/context-runtime/src/scheduler/default_sched.cc:648 WARNING 2128470 LoadBalance [sched] cost classes: quick 24 workers (784 routed, +24/-1) | medium 56 workers (1814 routed, +57/-2) | heavy 54 workers (6029 routed, +55/-2)[0m
[31m/home/cc/clio-core/context-runtime/src/scheduler/default_sched.cc:949 ERROR 2128470 LoadBalance [HANGWATCH-HB] processed=8270 outstanding=75 (queued=75 blocked=0 retry=0 periodic=6) live=7 live_stalled=0[0m
[33m/home/cc/clio-core/context-runtime/src/scheduler/default_sched.cc:630 WARNING 2128470 LoadBalance [#781 PDF] observed exec-time bins (cumulative): <10us=50241 <50us=849467 <500us=48320 <10ms=2806 <50ms=759 <500ms=1177 <1s=10 >=1s=0 | stalls_detected=0[0m
[33m/home/cc/clio-core/context-runtime/src/scheduler/default_sched.cc:639 WARNING 2128470 LoadBalance [#785] lane rescues performed: 0[0m
[33m/home/cc/clio-core/context-runtime/src/scheduler/default_sched.cc:648 WARNING 2128470 LoadBalance [sched] cost classes: quick 26 workers (812 routed, +26/-1) | medium 58 workers (1899 routed, +60/-3) | heavy 58 workers (6216 routed, +59/-2)[0m
[31m/home/cc/clio-core/context-runtime/src/scheduler/default_sched.cc:949 ERROR 2128470 LoadBalance [HANGWATCH-HB] processed=8670 outstanding=8 (queued=8 blocked=0 retry=0 periodic=9) live=3 live_stalled=0[0m
[31m/home/cc/clio-core/context-runtime/src/scheduler/default_sched.cc:949 ERROR 2128470 LoadBalance [HANGWATCH-HB] processed=8884 outstanding=60 (queued=60 blocked=0 retry=0 periodic=10) live=2 live_stalled=0[0m
[33m/home/cc/clio-core/context-runtime/src/scheduler/default_sched.cc:630 WARNING 2128470 LoadBalance [#781 PDF] observed exec-time bins (cumulative): <10us=52853 <50us=889566 <500us=50982 <10ms=2955 <50ms=816 <500ms=1255 <1s=10 >=1s=0 | stalls_detected=0[0m
[33m/home/cc/clio-core/context-runtime/src/scheduler/default_sched.cc:639 WARNING 2128470 LoadBalance [#785] lane rescues performed: 0[0m
[33m/home/cc/clio-core/context-runtime/src/scheduler/default_sched.cc:648 WARNING 2128470 LoadBalance [sched] cost classes: quick 27 workers (839 routed, +27/-1) | medium 62 workers (1999 routed, +64/-3) | heavy 62 workers (6585 routed, +63/-2)[0m
[31m/home/cc/clio-core/context-runtime/src/scheduler/default_sched.cc:949 ERROR 2128470 LoadBalance [HANGWATCH-HB] processed=9219 outstanding=56 (queued=56 blocked=0 retry=0 periodic=12) live=6 live_stalled=0[0m
[31m/home/cc/clio-core/context-runtime/src/scheduler/default_sched.cc:949 ERROR 2128470 LoadBalance [HANGWATCH-HB] processed=9461 outstanding=42 (queued=42 blocked=0 retry=0 periodic=7) live=2 live_stalled=0[0m
[33m/home/cc/clio-core/context-runtime/src/scheduler/default_sched.cc:630 WARNING 2128470 LoadBalance [#781 PDF] observed exec-time bins (cumulative): <10us=60185 <50us=926717 <500us=54122 <10ms=3111 <50ms=863 <500ms=1346 <1s=10 >=1s=0 | stalls_detected=0[0m
[33m/home/cc/clio-core/context-runtime/src/scheduler/default_sched.cc:639 WARNING 2128470 LoadBalance [#785] lane rescues performed: 0[0m
[33m/home/cc/clio-core/context-runtime/src/scheduler/default_sched.cc:648 WARNING 2128470 LoadBalance [sched] cost classes: quick 29 workers (879 routed, +29/-1) | medium 67 workers (2071 routed, +69/-3) | heavy 66 workers (6968 routed, +67/-2)[0m
[31m/home/cc/clio-core/context-runtime/src/scheduler/default_sched.cc:949 ERROR 2128470 LoadBalance [HANGWATCH-HB] processed=9710 outstanding=81 (queued=81 blocked=0 retry=0 periodic=9) live=4 live_stalled=0[0m
[33m/home/cc/clio-core/context-runtime/src/scheduler/default_sched.cc:630 WARNING 2128470 LoadBalance [#781 PDF] observed exec-time bins (cumulative): <10us=65871 <50us=967036 <500us=56470 <10ms=3181 <50ms=888 <500ms=1360 <1s=10 >=1s=0 | stalls_detected=0[0m
[33m/home/cc/clio-core/context-runtime/src/scheduler/default_sched.cc:639 WARNING 2128470 LoadBalance [#785] lane rescues performed: 0[0m
[33m/home/cc/clio-core/context-runtime/src/scheduler/default_sched.cc:648 WARNING 2128470 LoadBalance [sched] cost classes: quick 29 workers (888 routed, +29/-1) | medium 69 workers (2104 routed, +71/-3) | heavy 69 workers (7264 routed, +70/-2)[0m
[33m/home/cc/clio-core/context-runtime/src/scheduler/default_sched.cc:630 WARNING 2128470 LoadBalance [#781 PDF] observed exec-time bins (cumulative): <10us=65878 <50us=1011684 <500us=56949 <10ms=3318 <50ms=922 <500ms=1430 <1s=10 >=1s=0 | stalls_detected=0[0m
[33m/home/cc/clio-core/context-runtime/src/scheduler/default_sched.cc:639 WARNING 2128470 LoadBalance [#785] lane rescues performed: 0[0m
[33m/home/cc/clio-core/context-runtime/src/scheduler/default_sched.cc:648 WARNING 2128470 LoadBalance [sched] cost classes: quick 30 workers (923 routed, +30/-1) | medium 71 workers (2162 routed, +75/-4) | heavy 69 workers (7550 routed, +74/-5)[0m
[31m/home/cc/clio-core/context-runtime/src/scheduler/default_sched.cc:949 ERROR 2128470 LoadBalance [HANGWATCH-HB] processed=10171 outstanding=79 (queued=79 blocked=0 retry=0 periodic=7) live=6 live_stalled=0[0m
[31m/home/cc/clio-core/context-runtime/src/scheduler/default_sched.cc:949 ERROR 2128470 LoadBalance [HANGWATCH-HB] processed=10444 outstanding=35 (queued=35 blocked=0 retry=0 periodic=6) live=1 live_stalled=0[0m
[33m/home/cc/clio-core/context-runtime/src/scheduler/default_sched.cc:630 WARNING 2128470 LoadBalance [#781 PDF] observed exec-time bins (cumulative): <10us=66010 <50us=1055067 <500us=59402 <10ms=3448 <50ms=979 <500ms=1498 <1s=10 >=1s=0 | stalls_detected=0[0m
[33m/home/cc/clio-core/context-runtime/src/scheduler/default_sched.cc:639 WARNING 2128470 LoadBalance [#785] lane rescues performed: 0[0m
[33m/home/cc/clio-core/context-runtime/src/scheduler/default_sched.cc:648 WARNING 2128470 LoadBalance [sched] cost classes: quick 33 workers (948 routed, +33/-1) | medium 74 workers (2226 routed, +78/-5) | heavy 71 workers (7745 routed, +77/-6)[0m
[31m/home/cc/clio-core/context-runtime/src/scheduler/default_sched.cc:949 ERROR 2128470 LoadBalance [HANGWATCH-HB] processed=10702 outstanding=59 (queued=59 blocked=0 retry=0 periodic=8) live=6 live_stalled=0[0m
[33m/home/cc/clio-core/context-runtime/src/scheduler/default_sched.cc:630 WARNING 2128470 LoadBalance [#781 PDF] observed exec-time bins (cumulative): <10us=67284 <50us=1098866 <500us=61743 <10ms=3619 <50ms=1010 <500ms=1581 <1s=14 >=1s=0 | stalls_detected=0[0m
[33m/home/cc/clio-core/context-runtime/src/scheduler/default_sched.cc:639 WARNING 2128470 LoadBalance [#785] lane rescues performed: 0[0m
[33m/home/cc/clio-core/context-runtime/src/scheduler/default_sched.cc:648 WARNING 2128470 LoadBalance [sched] cost classes: quick 35 workers (1000 routed, +35/-1) | medium 76 workers (2314 routed, +80/-5) | heavy 75 workers (8100 routed, +82/-7)[0m
[31m/home/cc/clio-core/context-runtime/src/scheduler/default_sched.cc:949 ERROR 2128470 LoadBalance [HANGWATCH-HB] processed=11089 outstanding=15 (queued=15 blocked=0 retry=0 periodic=9) live=7 live_stalled=0[0m
[31m/home/cc/clio-core/context-runtime/src/scheduler/default_sched.cc:949 ERROR 2128470 LoadBalance [HANGWATCH-HB] processed=11302 outstanding=30 (queued=30 blocked=0 retry=0 periodic=10) live=6 live_stalled=0[0m
[33m/home/cc/clio-core/context-runtime/src/scheduler/default_sched.cc:630 WARNING 2128470 LoadBalance [#781 PDF] observed exec-time bins (cumulative): <10us=67378 <50us=1142066 <500us=64293 <10ms=3791 <50ms=1044 <500ms=1672 <1s=14 >=1s=0 | stalls_detected=0[0m
[33m/home/cc/clio-core/context-runtime/src/scheduler/default_sched.cc:639 WARNING 2128470 LoadBalance [#785] lane rescues performed: 0[0m
[33m/home/cc/clio-core/context-runtime/src/scheduler/default_sched.cc:648 WARNING 2128470 LoadBalance [sched] cost classes: quick 36 workers (1042 routed, +36/-1) | medium 79 workers (2409 routed, +83/-5) | heavy 78 workers (8456 routed, +85/-7)[0m
[31m/home/cc/clio-core/context-runtime/src/scheduler/default_sched.cc:949 ERROR 2128470 LoadBalance [HANGWATCH-HB] processed=11643 outstanding=79 (queued=79 blocked=0 retry=0 periodic=10) live=4 live_stalled=0[0m
[33m/home/cc/clio-core/context-runtime/src/scheduler/default_sched.cc:630 WARNING 2128470 LoadBalance [#781 PDF] observed exec-time bins (cumulative): <10us=67404 <50us=1185270 <500us=66731 <10ms=3856 <50ms=1070 <500ms=1700 <1s=14 >=1s=0 | stalls_detected=0[0m
[33m/home/cc/clio-core/context-runtime/src/scheduler/default_sched.cc:639 WARNING 2128470 LoadBalance [#785] lane rescues performed: 0[0m
[33m/home/cc/clio-core/context-runtime/src/scheduler/default_sched.cc:648 WARNING 2128470 LoadBalance [sched] cost classes: quick 37 workers (1081 routed, +37/-1) | medium 81 workers (2471 routed, +85/-5) | heavy 79 workers (8713 routed, +88/-8)[0m
[31m/home/cc/clio-core/context-runtime/src/scheduler/default_sched.cc:949 ERROR 2128470 LoadBalance [HANGWATCH-HB] processed=12036 outstanding=1 (queued=1 blocked=0 retry=0 periodic=8) live=1 live_stalled=0[0m
[33m/home/cc/clio-core/context-runtime/src/scheduler/default_sched.cc:630 WARNING 2128470 LoadBalance [#781 PDF] observed exec-time bins (cumulative): <10us=67434 <50us=1228189 <500us=69349 <10ms=3964 <50ms=1111 <500ms=1761 <1s=14 >=1s=0 | stalls_detected=0[0m
[33m/home/cc/clio-core/context-runtime/src/scheduler/default_sched.cc:639 WARNING 2128470 LoadBalance [#785] lane rescues performed: 0[0m
[33m/home/cc/clio-core/context-runtime/src/scheduler/default_sched.cc:648 WARNING 2128470 LoadBalance [sched] cost classes: quick 37 workers (1086 routed, +38/-2) | medium 82 workers (2498 routed, +87/-6) | heavy 81 workers (8951 routed, +90/-10)[0m
[31m/home/cc/clio-core/context-runtime/src/scheduler/default_sched.cc:949 ERROR 2128470 LoadBalance [HANGWATCH-HB] processed=12236 outstanding=58 (queued=58 blocked=0 retry=0 periodic=7) live=4 live_stalled=0[0m
[33m/home/cc/clio-core/context-runtime/src/scheduler/default_sched.cc:630 WARNING 2128470 LoadBalance [#781 PDF] observed exec-time bins (cumulative): <10us=67461 <50us=1270744 <500us=72096 <10ms=4123 <50ms=1156 <500ms=1832 <1s=14 >=1s=0 | stalls_detected=0[0m
[33m/home/cc/clio-core/context-runtime/src/scheduler/default_sched.cc:639 WARNING 2128470 LoadBalance [#785] lane rescues performed: 0[0m
[33m/home/cc/clio-core/context-runtime/src/scheduler/default_sched.cc:648 WARNING 2128470 LoadBalance [sched] cost classes: quick 38 workers (1097 routed, +39/-2) | medium 85 workers (2557 routed, +90/-6) | heavy 85 workers (9254 routed, +94/-10)[0m
[31m/home/cc/clio-core/context-runtime/src/scheduler/default_sched.cc:949 ERROR 2128470 LoadBalance [HANGWATCH-HB] processed=12558 outstanding=64 (queued=64 blocked=0 retry=0 periodic=8) live=8 live_stalled=0[0m
[31m/home/cc/clio-core/context-runtime/src/scheduler/default_sched.cc:949 ERROR 2128470 LoadBalance [HANGWATCH-HB] processed=12748 outstanding=53 (queued=53 blocked=0 retry=0 periodic=9) live=4 live_stalled=0[0m
[33m/home/cc/clio-core/context-runtime/src/scheduler/default_sched.cc:630 WARNING 2128470 LoadBalance [#781 PDF] observed exec-time bins (cumulative): <10us=67526 <50us=1314204 <500us=74467 <10ms=4288 <50ms=1209 <500ms=1909 <1s=16 >=1s=0 | stalls_detected=0[0m
[33m/home/cc/clio-core/context-runtime/src/scheduler/default_sched.cc:639 WARNING 2128470 LoadBalance [#785] lane rescues performed: 0[0m
[33m/home/cc/clio-core/context-runtime/src/scheduler/default_sched.cc:648 WARNING 2128470 LoadBalance [sched] cost classes: quick 39 workers (1140 routed, +40/-2) | medium 85 workers (2593 routed, +90/-6) | heavy 85 workers (9669 routed, +94/-10)[0m
[31m/home/cc/clio-core/context-runtime/src/scheduler/default_sched.cc:949 ERROR 2128470 LoadBalance [HANGWATCH-HB] processed=13067 outstanding=61 (queued=61 blocked=0 retry=0 periodic=10) live=5 live_stalled=0[0m
[33m/home/cc/clio-core/context-runtime/src/scheduler/default_sched.cc:630 WARNING 2128470 LoadBalance [#781 PDF] observed exec-time bins (cumulative): <10us=67604 <50us=1359588 <500us=75880 <10ms=4360 <50ms=1238 <500ms=1941 <1s=16 >=1s=0 | stalls_detected=0[0m
[33m/home/cc/clio-core/context-runtime/src/scheduler/default_sched.cc:639 WARNING 2128470 LoadBalance [#785] lane rescues performed: 0[0m
[33m/home/cc/clio-core/context-runtime/src/scheduler/default_sched.cc:648 WARNING 2128470 LoadBalance [sched] cost classes: quick 39 workers (1144 routed, +40/-2) | medium 85 workers (2665 routed, +90/-6) | heavy 85 workers (9970 routed, +94/-10)[0m
[31m/home/cc/clio-core/context-runtime/src/scheduler/default_sched.cc:949 ERROR 2128470 LoadBalance [HANGWATCH-HB] processed=13290 outstanding=45 (queued=45 blocked=0 retry=0 periodic=10) live=1 live_stalled=0[0m
[33m/home/cc/clio-core/context-runtime/src/scheduler/default_sched.cc:630 WARNING 2128470 LoadBalance [#781 PDF] observed exec-time bins (cumulative): <10us=67679 <50us=1405697 <500us=76097 <10ms=4449 <50ms=1277 <500ms=1995 <1s=16 >=1s=0 | stalls_detected=0[0m
[33m/home/cc/clio-core/context-runtime/src/scheduler/default_sched.cc:639 WARNING 2128470 LoadBalance [#785] lane rescues performed: 0[0m
[33m/home/cc/clio-core/context-runtime/src/scheduler/default_sched.cc:648 WARNING 2128470 LoadBalance [sched] cost classes: quick 40 workers (1174 routed, +41/-2) | medium 83 workers (2714 routed, +90/-8) | heavy 84 workers (10170 routed, +95/-12)[0m
[31m/home/cc/clio-core/context-runtime/src/scheduler/default_sched.cc:949 ERROR 2128470 LoadBalance [HANGWATCH-HB] processed=13552 outstanding=78 (queued=78 blocked=0 retry=0 periodic=8) live=5 live_stalled=0[0m
[33m/home/cc/clio-core/context-runtime/src/scheduler/default_sched.cc:630 WARNING 2128470 LoadBalance [#781 PDF] observed exec-time bins (cumulative): <10us=67709 <50us=1447877 <500us=76862 <10ms=4599 <50ms=1320 <500ms=2076 <1s=16 >=1s=0 | stalls_detected=0[0m
[33m/home/cc/clio-core/context-runtime/src/scheduler/default_sched.cc:639 WARNING 2128470 LoadBalance [#785] lane rescues performed: 0[0m
[33m/home/cc/clio-core/context-runtime/src/scheduler/default_sched.cc:648 WARNING 2128470 LoadBalance [sched] cost classes: quick 37 workers (1224 routed, +42/-6) | medium 77 workers (2817 routed, +92/-15) | heavy 78 workers (10364 routed, +97/-19)[0m
[31m/home/cc/clio-core/context-runtime/src/scheduler/default_sched.cc:949 ERROR 2128470 LoadBalance [HANGWATCH-HB] processed=13978 outstanding=21 (queued=21 blocked=0 retry=0 periodic=10) live=4 live_stalled=0[0m
[31m/home/cc/clio-core/context-runtime/src/scheduler/default_sched.cc:949 ERROR 2128470 LoadBalance [HANGWATCH-HB] processed=14175 outstanding=50 (queued=50 blocked=0 retry=0 periodic=13) live=4 live_stalled=0[0m
[33m/home/cc/clio-core/context-runtime/src/scheduler/default_sched.cc:630 WARNING 2128470 LoadBalance [#781 PDF] observed exec-time bins (cumulative): <10us=67716 <50us=1492813 <500us=77161 <10ms=4748 <50ms=1381 <500ms=2146 <1s=16 >=1s=0 | stalls_detected=0[0m
[33m/home/cc/clio-core/context-runtime/src/scheduler/default_sched.cc:639 WARNING 2128470 LoadBalance [#785] lane rescues performed: 0[0m
[33m/home/cc/clio-core/context-runtime/src/scheduler/default_sched.cc:648 WARNING 2128470 LoadBalance [sched] cost classes: quick 38 workers (1271 routed, +43/-6) | medium 81 workers (2920 routed, +96/-15) | heavy 82 workers (10706 routed, +101/-19)[0m
[31m/home/cc/clio-core/context-runtime/src/scheduler/default_sched.cc:949 ERROR 2128470 LoadBalance [HANGWATCH-HB] processed=14528 outstanding=71 (queued=71 blocked=0 retry=0 periodic=8) live=7 live_stalled=0[0m
[33m/home/cc/clio-core/context-runtime/src/scheduler/default_sched.cc:630 WARNING 2128470 LoadBalance [#781 PDF] observed exec-time bins (cumulative): <10us=67732 <50us=1537557 <500us=77561 <10ms=4879 <50ms=1442 <500ms=2224 <1s=16 >=1s=0 | stalls_detected=0[0m
[33m/home/cc/clio-core/context-runtime/src/scheduler/default_sched.cc:639 WARNING 2128470 LoadBalance [#785] lane rescues performed: 0[0m
[33m/home/cc/clio-core/context-runtime/src/scheduler/default_sched.cc:648 WARNING 2128470 LoadBalance [sched] cost classes: quick 39 workers (1318 routed, +44/-6) | medium 83 workers (3028 routed, +99/-16) | heavy 85 workers (11045 routed, +105/-20)[0m
[31m/home/cc/clio-core/context-runtime/src/scheduler/default_sched.cc:949 ERROR 2128470 LoadBalance [HANGWATCH-HB] processed=14949 outstanding=32 (queued=32 blocked=0 retry=0 periodic=9) live=5 live_stalled=0[0m
[33m/home/cc/clio-core/context-runtime/src/scheduler/default_sched.cc:630 WARNING 2128470 LoadBalance [#781 PDF] observed exec-time bins (cumulative): <10us=67740 <50us=1581889 <500us=78025 <10ms=4916 <50ms=1467 <500ms=2251 <1s=16 >=1s=0 | stalls_detected=0[0m
[33m/home/cc/clio-core/context-runtime/src/scheduler/default_sched.cc:639 WARNING 2128470 LoadBalance [#785] lane rescues performed: 0[0m
[33m/home/cc/clio-core/context-runtime/src/scheduler/default_sched.cc:648 WARNING 2128470 LoadBalance [sched] cost classes: quick 39 workers (1330 routed, +44/-6) | medium 84 workers (3074 routed, +102/-17) | heavy 85 workers (11301 routed, +105/-21)[0m
[31m/home/cc/clio-core/context-runtime/src/scheduler/default_sched.cc:949 ERROR 2128470 LoadBalance [HANGWATCH-HB] processed=15125 outstanding=54 (queued=54 blocked=0 retry=0 periodic=7) live=6 live_stalled=0[0m
[33m/home/cc/clio-core/context-runtime/src/scheduler/default_sched.cc:630 WARNING 2128470 LoadBalance [#781 PDF] observed exec-time bins (cumulative): <10us=67748 <50us=1623618 <500us=79950 <10ms=5040 <50ms=1513 <500ms=2320 <1s=16 >=1s=0 | stalls_detected=0[0m
[33m/home/cc/clio-core/context-runtime/src/scheduler/default_sched.cc:639 WARNING 2128470 LoadBalance [#785] lane rescues performed: 0[0m
[33m/home/cc/clio-core/context-runtime/src/scheduler/default_sched.cc:648 WARNING 2128470 LoadBalance [sched] cost classes: quick 40 workers (1365 routed, +45/-6) | medium 85 workers (3138 routed, +103/-19) | heavy 85 workers (11496 routed, +105/-21)[0m
[31m/home/cc/clio-core/context-runtime/src/scheduler/default_sched.cc:949 ERROR 2128470 LoadBalance [HANGWATCH-HB] processed=15481 outstanding=76 (queued=76 blocked=0 retry=0 periodic=10) live=4 live_stalled=0[0m
[33m/home/cc/clio-core/context-transfer-engine/compressor/src/compressor_runtime.cc:3352 WARNING 2128498 Compress Compression not beneficial for blob 'rho_e/step_01319/fab0000/chunk_11': 4194304 bytes in -> 4195952 bytes out with lib 21 (nvcomp-cascaded), which is not smaller, so the ORIGINAL bytes were stored and compress_lib_ was reset to 0. The blob is in the tier UNCOMPRESSED.[0m
[33m/home/cc/clio-core/context-runtime/src/scheduler/default_sched.cc:630 WARNING 2128470 LoadBalance [#781 PDF] observed exec-time bins (cumulative): <10us=67767 <50us=1667444 <500us=81098 <10ms=5173 <50ms=1572 <500ms=2392 <1s=16 >=1s=0 | stalls_detected=0[0m
[33m/home/cc/clio-core/context-runtime/src/scheduler/default_sched.cc:639 WARNING 2128470 LoadBalance [#785] lane rescues performed: 0[0m
[33m/home/cc/clio-core/context-runtime/src/scheduler/default_sched.cc:648 WARNING 2128470 LoadBalance [sched] cost classes: quick 42 workers (1410 routed, +47/-6) | medium 85 workers (3232 routed, +103/-19) | heavy 85 workers (11749 routed, +105/-21)[0m
[31m/home/cc/clio-core/context-runtime/src/scheduler/default_sched.cc:949 ERROR 2128470 LoadBalance [HANGWATCH-HB] processed=15887 outstanding=3 (queued=3 blocked=0 retry=0 periodic=9) live=3 live_stalled=0[0m
[31m/home/cc/clio-core/context-runtime/src/scheduler/default_sched.cc:949 ERROR 2128470 LoadBalance [HANGWATCH-HB] processed=16029 outstanding=63 (queued=63 blocked=0 retry=0 periodic=12) live=5 live_stalled=0[0m
[33m/home/cc/clio-core/context-runtime/src/scheduler/default_sched.cc:630 WARNING 2128470 LoadBalance [#781 PDF] observed exec-time bins (cumulative): <10us=68049 <50us=1709918 <500us=82804 <10ms=5320 <50ms=1626 <500ms=2477 <1s=16 >=1s=0 | stalls_detected=0[0m
[33m/home/cc/clio-core/context-runtime/src/scheduler/default_sched.cc:639 WARNING 2128470 LoadBalance [#785] lane rescues performed: 0[0m
[33m/home/cc/clio-core/context-runtime/src/scheduler/default_sched.cc:648 WARNING 2128470 LoadBalance [sched] cost classes: quick 44 workers (1473 routed, +49/-6) | medium 85 workers (3323 routed, +103/-19) | heavy 85 workers (12087 routed, +105/-21)[0m
[31m/home/cc/clio-core/context-runtime/src/scheduler/default_sched.cc:949 ERROR 2128470 LoadBalance [HANGWATCH-HB] processed=16386 outstanding=21 (queued=21 blocked=0 retry=0 periodic=9) live=6 live_stalled=0[0m
[33m/home/cc/clio-core/context-runtime/src/scheduler/default_sched.cc:630 WARNING 2128470 LoadBalance [#781 PDF] observed exec-time bins (cumulative): <10us=71162 <50us=1752470 <500us=83987 <10ms=5384 <50ms=1659 <500ms=2508 <1s=16 >=1s=0 | stalls_detected=0[0m
[33m/home/cc/clio-core/context-runtime/src/scheduler/default_sched.cc:639 WARNING 2128470 LoadBalance [#785] lane rescues performed: 0[0m
[33m/home/cc/clio-core/context-runtime/src/scheduler/default_sched.cc:648 WARNING 2128470 LoadBalance [sched] cost classes: quick 44 workers (1501 routed, +49/-6) | medium 85 workers (3385 routed, +103/-19) | heavy 85 workers (12391 routed, +105/-21)[0m
[31m/home/cc/clio-core/context-runtime/src/scheduler/default_sched.cc:949 ERROR 2128470 LoadBalance [HANGWATCH-HB] processed=16564 outstanding=52 (queued=52 blocked=0 retry=0 periodic=17) live=4 live_stalled=0[0m
[33m/home/cc/clio-core/context-runtime/src/scheduler/default_sched.cc:630 WARNING 2128470 LoadBalance [#781 PDF] observed exec-time bins (cumulative): <10us=71263 <50us=1787911 <500us=86987 <10ms=5476 <50ms=1702 <500ms=2576 <1s=16 >=1s=0 | stalls_detected=0[0m
[33m/home/cc/clio-core/context-runtime/src/scheduler/default_sched.cc:639 WARNING 2128470 LoadBalance [#785] lane rescues performed: 0[0m
[33m/home/cc/clio-core/context-runtime/src/scheduler/default_sched.cc:648 WARNING 2128470 LoadBalance [sched] cost classes: quick 44 workers (1533 routed, +50/-7) | medium 85 workers (3433 routed, +103/-19) | heavy 85 workers (12615 routed, +105/-21)[0m
[31m/home/cc/clio-core/context-runtime/src/scheduler/default_sched.cc:949 ERROR 2128470 LoadBalance [HANGWATCH-HB] processed=16903 outstanding=87 (queued=87 blocked=0 retry=0 periodic=9) live=2 live_stalled=0[0m
[31m/home/cc/clio-core/context-runtime/src/scheduler/default_sched.cc:949 ERROR 2128470 LoadBalance [HANGWATCH-HB] processed=17285 outstanding=9 (queued=9 blocked=0 retry=0 periodic=7) live=6 live_stalled=0[0m
[33m/home/cc/clio-core/context-runtime/src/scheduler/default_sched.cc:630 WARNING 2128470 LoadBalance [#781 PDF] observed exec-time bins (cumulative): <10us=71359 <50us=1821650 <500us=89882 <10ms=5609 <50ms=1760 <500ms=2646 <1s=16 >=1s=0 | stalls_detected=0[0m
[33m/home/cc/clio-core/context-runtime/src/scheduler/default_sched.cc:639 WARNING 2128470 LoadBalance [#785] lane rescues performed: 0[0m
[33m/home/cc/clio-core/context-runtime/src/scheduler/default_sched.cc:648 WARNING 2128470 LoadBalance [sched] cost classes: quick 45 workers (1583 routed, +51/-7) | medium 85 workers (3510 routed, +103/-19) | heavy 85 workers (12787 routed, +105/-21)[0m
[31m/home/cc/clio-core/context-runtime/src/scheduler/default_sched.cc:949 ERROR 2128470 LoadBalance [HANGWATCH-HB] processed=17424 outstanding=76 (queued=76 blocked=0 retry=0 periodic=10) live=4 live_stalled=0[0m
[33m/home/cc/clio-core/context-runtime/src/scheduler/default_sched.cc:630 WARNING 2128470 LoadBalance [#781 PDF] observed exec-time bins (cumulative): <10us=71522 <50us=1856539 <500us=92761 <10ms=5765 <50ms=1831 <500ms=2723 <1s=16 >=1s=0 | stalls_detected=0[0m
[33m/home/cc/clio-core/context-runtime/src/scheduler/default_sched.cc:639 WARNING 2128470 LoadBalance [#785] lane rescues performed: 0[0m
[33m/home/cc/clio-core/context-runtime/src/scheduler/default_sched.cc:648 WARNING 2128470 LoadBalance [sched] cost classes: quick 47 workers (1611 routed, +53/-7) | medium 85 workers (3614 routed, +103/-19) | heavy 85 workers (13147 routed, +105/-21)[0m
[31m/home/cc/clio-core/context-runtime/src/scheduler/default_sched.cc:949 ERROR 2128470 LoadBalance [HANGWATCH-HB] processed=17865 outstanding=76 (queued=76 blocked=0 retry=0 periodic=9) live=6 live_stalled=0[0m
[33m/home/cc/clio-core/context-runtime/src/scheduler/default_sched.cc:630 WARNING 2128470 LoadBalance [#781 PDF] observed exec-time bins (cumulative): <10us=71644 <50us=1890618 <500us=95734 <10ms=5883 <50ms=1881 <500ms=2777 <1s=16 >=1s=0 | stalls_detected=0[0m
[33m/home/cc/clio-core/context-runtime/src/scheduler/default_sched.cc:639 WARNING 2128470 LoadBalance [#785] lane rescues performed: 0[0m
[33m/home/cc/clio-core/context-runtime/src/scheduler/default_sched.cc:648 WARNING 2128470 LoadBalance [sched] cost classes: quick 47 workers (1619 routed, +53/-7) | medium 85 workers (3706 routed, +103/-19) | heavy 85 workers (13493 routed, +105/-21)[0m
[31m/home/cc/clio-core/context-runtime/src/scheduler/default_sched.cc:949 ERROR 2128470 LoadBalance [HANGWATCH-HB] processed=18163 outstanding=13 (queued=13 blocked=0 retry=0 periodic=9) live=2 live_stalled=0[0m
[33m/home/cc/clio-core/context-runtime/src/scheduler/default_sched.cc:630 WARNING 2128470 LoadBalance [#781 PDF] observed exec-time bins (cumulative): <10us=71803 <50us=1925797 <500us=98374 <10ms=5944 <50ms=1914 <500ms=2811 <1s=16 >=1s=0 | stalls_detected=0[0m
[33m/home/cc/clio-core/context-runtime/src/scheduler/default_sched.cc:639 WARNING 2128470 LoadBalance [#785] lane rescues performed: 0[0m
[33m/home/cc/clio-core/context-runtime/src/scheduler/default_sched.cc:648 WARNING 2128470 LoadBalance [sched] cost classes: quick 49 workers (1655 routed, +55/-7) | medium 85 workers (3742 routed, +103/-19) | heavy 85 workers (13694 routed, +105/-21)[0m
[31m/home/cc/clio-core/context-runtime/src/scheduler/default_sched.cc:949 ERROR 2128470 LoadBalance [HANGWATCH-HB] processed=18385 outstanding=82 (queued=82 blocked=0 retry=0 periodic=9) live=2 live_stalled=0[0m
[33m/home/cc/clio-core/context-runtime/src/scheduler/default_sched.cc:630 WARNING 2128470 LoadBalance [#781 PDF] observed exec-time bins (cumulative): <10us=71874 <50us=1959220 <500us=101015 <10ms=6084 <50ms=1966 <500ms=2889 <1s=16 >=1s=0 | stalls_detected=0[0m
[33m/home/cc/clio-core/context-runtime/src/scheduler/default_sched.cc:639 WARNING 2128470 LoadBalance [#785] lane rescues performed: 0[0m
[33m/home/cc/clio-core/context-runtime/src/scheduler/default_sched.cc:648 WARNING 2128470 LoadBalance [sched] cost classes: quick 52 workers (1675 routed, +58/-7) | medium 85 workers (3823 routed, +103/-19) | heavy 85 workers (13873 routed, +105/-21)[0m
[31m/home/cc/clio-core/context-runtime/src/scheduler/default_sched.cc:949 ERROR 2128470 LoadBalance [HANGWATCH-HB] processed=18785 outstanding=12 (queued=12 blocked=0 retry=0 periodic=9) live=4 live_stalled=0[0m
[31m/home/cc/clio-core/context-runtime/src/scheduler/default_sched.cc:949 ERROR 2128470 LoadBalance [HANGWATCH-HB] processed=18969 outstanding=53 (queued=53 blocked=0 retry=0 periodic=9) live=3 live_stalled=0[0m
[33m/home/cc/clio-core/context-runtime/src/scheduler/default_sched.cc:630 WARNING 2128470 LoadBalance [#781 PDF] observed exec-time bins (cumulative): <10us=71972 <50us=1992318 <500us=104161 <10ms=6261 <50ms=2037 <500ms=2961 <1s=16 >=1s=0 | stalls_detected=0[0m
[33m/home/cc/clio-core/context-runtime/src/scheduler/default_sched.cc:639 WARNING 2128470 LoadBalance [#785] lane rescues performed: 0[0m
[33m/home/cc/clio-core/context-runtime/src/scheduler/default_sched.cc:648 WARNING 2128470 LoadBalance [sched] cost classes: quick 53 workers (1686 routed, +59/-7) | medium 85 workers (3912 routed, +103/-19) | heavy 85 workers (14267 routed, +105/-21)[0m
[31m/home/cc/clio-core/context-runtime/src/scheduler/default_sched.cc:949 ERROR 2128470 LoadBalance [HANGWATCH-HB] processed=19329 outstanding=78 (queued=78 blocked=0 retry=0 periodic=11) live=7 live_stalled=0[0m
[31m/home/cc/clio-core/context-runtime/src/scheduler/default_sched.cc:949 ERROR 2128470 LoadBalance [HANGWATCH-HB] processed=19653 outstanding=12 (queued=12 blocked=0 retry=0 periodic=9) live=3 live_stalled=0[0m
[33m/home/cc/clio-core/context-runtime/src/scheduler/default_sched.cc:630 WARNING 2128470 LoadBalance [#781 PDF] observed exec-time bins (cumulative): <10us=72080 <50us=2025748 <500us=107309 <10ms=6434 <50ms=2106 <500ms=3033 <1s=16 >=1s=0 | stalls_detected=0[0m
[33m/home/cc/clio-core/context-runtime/src/scheduler/default_sched.cc:639 WARNING 2128470 LoadBalance [#785] lane rescues performed: 0[0m
[33m/home/cc/clio-core/context-runtime/src/scheduler/default_sched.cc:648 WARNING 2128470 LoadBalance [sched] cost classes: quick 53 workers (1732 routed, +59/-7) | medium 85 workers (4005 routed, +103/-19) | heavy 85 workers (14621 routed, +105/-21)[0m
[31m/home/cc/clio-core/context-runtime/src/scheduler/default_sched.cc:949 ERROR 2128470 LoadBalance [HANGWATCH-HB] processed=19819 outstanding=82 (queued=82 blocked=0 retry=0 periodic=10) live=3 live_stalled=0[0m
[33m/home/cc/clio-core/context-runtime/src/scheduler/default_sched.cc:630 WARNING 2128470 LoadBalance [#781 PDF] observed exec-time bins (cumulative): <10us=72193 <50us=2059545 <500us=110226 <10ms=6498 <50ms=2138 <500ms=3042 <1s=16 >=1s=0 | stalls_detected=0[0m
[33m/home/cc/clio-core/context-runtime/src/scheduler/default_sched.cc:639 WARNING 2128470 LoadBalance [#785] lane rescues performed: 0[0m
[33m/home/cc/clio-core/context-runtime/src/scheduler/default_sched.cc:648 WARNING 2128470 LoadBalance [sched] cost classes: quick 53 workers (1732 routed, +60/-8) | medium 85 workers (4047 routed, +103/-19) | heavy 85 workers (14910 routed, +105/-21)[0m
[33m/home/cc/clio-core/context-runtime/src/scheduler/default_sched.cc:630 WARNING 2128470 LoadBalance [#781 PDF] observed exec-time bins (cumulative): <10us=72323 <50us=2094368 <500us=113240 <10ms=6635 <50ms=2172 <500ms=3115 <1s=16 >=1s=0 | stalls_detected=0[0m
[33m/home/cc/clio-core/context-runtime/src/scheduler/default_sched.cc:639 WARNING 2128470 LoadBalance [#785] lane rescues performed: 0[0m
[33m/home/cc/clio-core/context-runtime/src/scheduler/default_sched.cc:648 WARNING 2128470 LoadBalance [sched] cost classes: quick 54 workers (1758 routed, +61/-8) | medium 85 workers (4121 routed, +103/-19) | heavy 85 workers (15109 routed, +105/-21)[0m
[31m/home/cc/clio-core/context-runtime/src/scheduler/default_sched.cc:949 ERROR 2128470 LoadBalance [HANGWATCH-HB] processed=20249 outstanding=43 (queued=43 blocked=0 retry=0 periodic=10) live=4 live_stalled=0[0m
[31m/home/cc/clio-core/context-runtime/src/scheduler/default_sched.cc:949 ERROR 2128470 LoadBalance [HANGWATCH-HB] processed=20400 outstanding=58 (queued=58 blocked=0 retry=0 periodic=13) live=5 live_stalled=0[0m
[33m/home/cc/clio-core/context-runtime/src/scheduler/default_sched.cc:630 WARNING 2128470 LoadBalance [#781 PDF] observed exec-time bins (cumulative): <10us=72429 <50us=2127900 <500us=116236 <10ms=6791 <50ms=2228 <500ms=3189 <1s=16 >=1s=0 | stalls_detected=0[0m
[33m/home/cc/clio-core/context-runtime/src/scheduler/default_sched.cc:639 WARNING 2128470 LoadBalance [#785] lane rescues performed: 0[0m
[33m/home/cc/clio-core/context-runtime/src/scheduler/default_sched.cc:648 WARNING 2128470 LoadBalance [sched] cost classes: quick 55 workers (1804 routed, +62/-8) | medium 85 workers (4200 routed, +103/-19) | heavy 85 workers (15352 routed, +105/-21)[0m
[31m/home/cc/clio-core/context-runtime/src/scheduler/default_sched.cc:949 ERROR 2128470 LoadBalance [HANGWATCH-HB] processed=20780 outstanding=86 (queued=86 blocked=0 retry=0 periodic=7) live=3 live_stalled=0[0m
[33m/home/cc/clio-core/context-runtime/src/scheduler/default_sched.cc:630 WARNING 2128470 LoadBalance [#781 PDF] observed exec-time bins (cumulative): <10us=72505 <50us=2160875 <500us=119359 <10ms=6968 <50ms=2298 <500ms=3262 <1s=16 >=1s=0 | stalls_detected=0[0m
[33m/home/cc/clio-core/context-runtime/src/scheduler/default_sched.cc:639 WARNING 2128470 LoadBalance [#785] lane rescues performed: 0[0m
[33m/home/cc/clio-core/context-runtime/src/scheduler/default_sched.cc:648 WARNING 2128470 LoadBalance [sched] cost classes: quick 56 workers (1829 routed, +63/-8) | medium 85 workers (4299 routed, +103/-19) | heavy 85 workers (15721 routed, +105/-21)[0m
[31m/home/cc/clio-core/context-runtime/src/scheduler/default_sched.cc:949 ERROR 2128470 LoadBalance [HANGWATCH-HB] processed=21193 outstanding=37 (queued=37 blocked=0 retry=0 periodic=8) live=6 live_stalled=0[0m
[31m/home/cc/clio-core/context-runtime/src/scheduler/default_sched.cc:949 ERROR 2128470 LoadBalance [HANGWATCH-HB] processed=21313 outstanding=74 (queued=74 blocked=0 retry=0 periodic=9) live=3 live_stalled=0[0m
[33m/home/cc/clio-core/context-runtime/src/scheduler/default_sched.cc:630 WARNING 2128470 LoadBalance [#781 PDF] observed exec-time bins (cumulative): <10us=75546 <50us=2202935 <500us=120254 <10ms=7010 <50ms=2330 <500ms=3307 <1s=16 >=1s=0 | stalls_detected=0[0m
[33m/home/cc/clio-core/context-runtime/src/scheduler/default_sched.cc:639 WARNING 2128470 LoadBalance [#785] lane rescues performed: 0[0m
[33m/home/cc/clio-core/context-runtime/src/scheduler/default_sched.cc:648 WARNING 2128470 LoadBalance [sched] cost classes: quick 56 workers (1853 routed, +63/-8) | medium 85 workers (4367 routed, +103/-19) | heavy 85 workers (16008 routed, +105/-21)[0m
[31m/home/cc/clio-core/context-runtime/src/scheduler/default_sched.cc:949 ERROR 2128470 LoadBalance [HANGWATCH-HB] processed=21666 outstanding=20 (queued=20 blocked=0 retry=0 periodic=9) live=4 live_stalled=0[0m
[33m/home/cc/clio-core/context-runtime/src/scheduler/default_sched.cc:630 WARNING 2128470 LoadBalance [#781 PDF] observed exec-time bins (cumulative): <10us=79270 <50us=2246271 <500us=120707 <10ms=7104 <50ms=2367 <500ms=3375 <1s=16 >=1s=0 | stalls_detected=0[0m
[33m/home/cc/clio-core/context-runtime/src/scheduler/default_sched.cc:639 WARNING 2128470 LoadBalance [#785] lane rescues performed: 0[0m
[33m/home/cc/clio-core/context-runtime/src/scheduler/default_sched.cc:648 WARNING 2128470 LoadBalance [sched] cost classes: quick 58 workers (1890 routed, +65/-8) | medium 85 workers (4420 routed, +103/-19) | heavy 85 workers (16199 routed, +105/-21)[0m
[31m/home/cc/clio-core/context-runtime/src/scheduler/default_sched.cc:949 ERROR 2128470 LoadBalance [HANGWATCH-HB] processed=21794 outstanding=71 (queued=71 blocked=0 retry=0 periodic=12) live=3 live_stalled=0[0m
[33m/home/cc/clio-core/context-runtime/src/scheduler/default_sched.cc:630 WARNING 2128470 LoadBalance [#781 PDF] observed exec-time bins (cumulative): <10us=82734 <50us=2290213 <500us=121284 <10ms=7215 <50ms=2428 <500ms=3454 <1s=17 >=1s=0 | stalls_detected=0[0m
[33m/home/cc/clio-core/context-runtime/src/scheduler/default_sched.cc:639 WARNING 2128470 LoadBalance [#785] lane rescues performed: 0[0m
[33m/home/cc/clio-core/context-runtime/src/scheduler/default_sched.cc:648 WARNING 2128470 LoadBalance [sched] cost classes: quick 60 workers (1930 routed, +67/-8) | medium 85 workers (4512 routed, +103/-19) | heavy 85 workers (16404 routed, +105/-21)[0m
[31m/home/cc/clio-core/context-runtime/src/scheduler/default_sched.cc:949 ERROR 2128470 LoadBalance [HANGWATCH-HB] processed=22180 outstanding=76 (queued=76 blocked=0 retry=0 periodic=9) live=6 live_stalled=0[0m
[31m/home/cc/clio-core/context-runtime/src/scheduler/default_sched.cc:949 ERROR 2128470 LoadBalance [HANGWATCH-HB] processed=22421 outstanding=46 (queued=46 blocked=0 retry=0 periodic=10) live=1 live_stalled=0[0m
[33m/home/cc/clio-core/context-runtime/src/scheduler/default_sched.cc:630 WARNING 2128470 LoadBalance [#781 PDF] observed exec-time bins (cumulative): <10us=86206 <50us=2333388 <500us=122039 <10ms=7364 <50ms=2489 <500ms=3550 <1s=17 >=1s=0 | stalls_detected=0[0m
[33m/home/cc/clio-core/context-runtime/src/scheduler/default_sched.cc:639 WARNING 2128470 LoadBalance [#785] lane rescues performed: 0[0m
[33m/home/cc/clio-core/context-runtime/src/scheduler/default_sched.cc:648 WARNING 2128470 LoadBalance [sched] cost classes: quick 61 workers (1949 routed, +68/-8) | medium 85 workers (4617 routed, +103/-19) | heavy 85 workers (16772 routed, +105/-21)[0m
[31m/home/cc/clio-core/context-runtime/src/scheduler/default_sched.cc:949 ERROR 2128470 LoadBalance [HANGWATCH-HB] processed=22677 outstanding=72 (queued=72 blocked=0 retry=0 periodic=9) live=5 live_stalled=0[0m
[33m/home/cc/clio-core/context-runtime/src/scheduler/default_sched.cc:630 WARNING 2128470 LoadBalance [#781 PDF] observed exec-time bins (cumulative): <10us=90588 <50us=2375629 <500us=122736 <10ms=7393 <50ms=2517 <500ms=3588 <1s=17 >=1s=0 | stalls_detected=0[0m
[33m/home/cc/clio-core/context-runtime/src/scheduler/default_sched.cc:639 WARNING 2128470 LoadBalance [#785] lane rescues performed: 0[0m
[33m/home/cc/clio-core/context-runtime/src/scheduler/default_sched.cc:648 WARNING 2128470 LoadBalance [sched] cost classes: quick 61 workers (1959 routed, +68/-8) | medium 85 workers (4678 routed, +103/-19) | heavy 85 workers (17040 routed, +105/-21)[0m
[31m/home/cc/clio-core/context-runtime/src/scheduler/default_sched.cc:949 ERROR 2128470 LoadBalance [HANGWATCH-HB] processed=23040 outstanding=15 (queued=15 blocked=0 retry=0 periodic=8) live=2 live_stalled=0[0m
[33m/home/cc/clio-core/context-runtime/src/scheduler/default_sched.cc:630 WARNING 2128470 LoadBalance [#781 PDF] observed exec-time bins (cumulative): <10us=94881 <50us=2417424 <500us=123683 <10ms=7523 <50ms=2570 <500ms=3657 <1s=17 >=1s=0 | stalls_detected=0[0m
[33m/home/cc/clio-core/context-runtime/src/scheduler/default_sched.cc:639 WARNING 2128470 LoadBalance [#785] lane rescues performed: 0[0m
[33m/home/cc/clio-core/context-runtime/src/scheduler/default_sched.cc:648 WARNING 2128470 LoadBalance [sched] cost classes: quick 62 workers (1989 routed, +69/-8) | medium 85 workers (4743 routed, +103/-19) | heavy 85 workers (17272 routed, +105/-21)[0m
[31m/home/cc/clio-core/context-runtime/src/scheduler/default_sched.cc:949 ERROR 2128470 LoadBalance [HANGWATCH-HB] processed=23197 outstanding=79 (queued=79 blocked=0 retry=0 periodic=9) live=2 live_stalled=0[0m
[33m/home/cc/clio-core/context-runtime/src/scheduler/default_sched.cc:630 WARNING 2128470 LoadBalance [#781 PDF] observed exec-time bins (cumulative): <10us=98933 <50us=2458799 <500us=124775 <10ms=7667 <50ms=2631 <500ms=3734 <1s=17 >=1s=0 | stalls_detected=0[0m
[33m/home/cc/clio-core/context-runtime/src/scheduler/default_sched.cc:639 WARNING 2128470 LoadBalance [#785] lane rescues performed: 0[0m
[33m/home/cc/clio-core/context-runtime/src/scheduler/default_sched.cc:648 WARNING 2128470 LoadBalance [sched] cost classes: quick 64 workers (2030 routed, +71/-8) | medium 85 workers (4807 routed, +103/-19) | heavy 85 workers (17499 routed, +105/-21)[0m
[31m/home/cc/clio-core/context-runtime/src/scheduler/default_sched.cc:949 ERROR 2128470 LoadBalance [HANGWATCH-HB] processed=23590 outstanding=10 (queued=10 blocked=0 retry=0 periodic=8) live=3 live_stalled=0[0m
[31m/home/cc/clio-core/context-runtime/src/scheduler/default_sched.cc:949 ERROR 2128470 LoadBalance [HANGWATCH-HB] processed=23741 outstanding=67 (queued=67 blocked=0 retry=0 periodic=12) live=6 live_stalled=0[0m
